// Jest Snapshot v1, https://goo.gl/fbAQLP

exports[`PointsTransactions component 01 - renders correctly 1`] = `
<ActivityIndicator
  accessibilityLabel="loading-products"
/>
`;
